Resolved 130 packages in 11ms
Checked 81 packages in 24ms
Reset report and wrote header to /home/wcc/.cache/nanochat/report/header.md
Downloading 9 shards using 4 workers...
Target directory: /home/wcc/.cache/nanochat/base_data_climbmix

Skipping /home/wcc/.cache/nanochat/base_data_climbmix/shard_00001.parquet (already exists)
Skipping /home/wcc/.cache/nanochat/base_data_climbmix/shard_00002.parquet (already exists)
Skipping /home/wcc/.cache/nanochat/base_data_climbmix/shard_00000.parquet (already exists)
Skipping /home/wcc/.cache/nanochat/base_data_climbmix/shard_00004.parquet (already exists)
Skipping /home/wcc/.cache/nanochat/base_data_climbmix/shard_00005.parquet (already exists)
Skipping /home/wcc/.cache/nanochat/base_data_climbmix/shard_00006.parquet (already exists)
Skipping /home/wcc/.cache/nanochat/base_data_climbmix/shard_00007.parquet (already exists)
Skipping /home/wcc/.cache/nanochat/base_data_climbmix/shard_06542.parquet (already exists)
Skipping /home/wcc/.cache/nanochat/base_data_climbmix/shard_00003.parquet (already exists)
Done! Downloaded: 9/9 shards to /home/wcc/.cache/nanochat/base_data_climbmix
Downloading 171 shards using 4 workers...
Target directory: /home/wcc/.cache/nanochat/base_data_climbmix

Done! Downloaded: 171/171 shards to /home/wcc/.cache/nanochat/base_data_climbmix
2026-06-04 23:57:45,531 - rustbpe - [32m[1mINFO[0m - Processing sequences from iterator (buffer_size: 8192)
2026-06-04 23:58:24,631 - rustbpe - [32m[1mINFO[0m - Processed 758523 sequences total, 2098273 unique
2026-06-04 23:58:24,751 - rustbpe - [32m[1mINFO[0m - Starting BPE training: 32503 merges to compute
2026-06-04 23:58:24,751 - rustbpe - [32m[1mINFO[0m - Computing initial pair counts from 2098273 unique sequences
2026-06-04 23:58:25,966 - rustbpe - [32m[1mINFO[0m - Building heap with 19260 unique pairs
2026-06-04 23:58:25,967 - rustbpe - [32m[1mINFO[0m - Starting merge loop
